DECIPHER TECH@DESKTOP-G9T4UGF MINGW64 ~
$ ls
'3D Objects'/
 AppData/
'Application Data'@
 Contacts/
 Cookies@
 Desktop/
 Documents/
 Downloads/
 Favorites/
 Links/
'Local Settings'@
 MicrosoftEdgeBackups/
 Music/
'My Documents'@
 NTUSER.DAT
 NTUSER.DAT{fd9a35da-49fe-11e9-aa2c-248a07783950}.TxR.0.regtrans-ms
 NTUSER.DAT{fd9a35da-49fe-11e9-aa2c-248a07783950}.TxR.1.regtrans-ms
 NTUSER.DAT{fd9a35da-49fe-11e9-aa2c-248a07783950}.TxR.2.regtrans-ms
 NTUSER.DAT{fd9a35da-49fe-11e9-aa2c-248a07783950}.TxR.blf
 NTUSER.DAT{fd9a35db-49fe-11e9-aa2c-248a07783950}.TM.blf
 NTUSER.DAT{fd9a35db-49fe-11e9-aa2c-248a07783950}.TMContainer00000000000000000001.regtrans-ms
 NTUSER.DAT{fd9a35db-49fe-11e9-aa2c-248a07783950}.TMContainer00000000000000000002.regtrans-ms
 NetHood@
 OneDrive/
 Pictures/
 PrintHood@
 Recent@
'Saved Games'/
 Searches/
 SendTo@
'Start Menu'@
 Templates@
 Videos/
 ntuser.dat.LOG1
 ntuser.dat.LOG2
 ntuser.ini

DECIPHER TECH@DESKTOP-G9T4UGF MINGW64 ~
$ cd documents

DECIPHER TECH@DESKTOP-G9T4UGF MINGW64 ~/documents
$ ls
'My Music'@     'My Videos'@         'by wisdom.pptx'   muslim.docx
'My Pictures'@   Presentation1.pptx   desktop.ini

DECIPHER TECH@DESKTOP-G9T4UGF MINGW64 ~/documents
$ mkdir firstProject

DECIPHER TECH@DESKTOP-G9T4UGF MINGW64 ~/documents
$ ls
'My Music'@     'My Videos'@         'by wisdom.pptx'   firstProject/
'My Pictures'@   Presentation1.pptx   desktop.ini       muslim.docx

DECIPHER TECH@DESKTOP-G9T4UGF MINGW64 ~/documents
$ cd firstProject

DECIPHER TECH@DESKTOP-G9T4UGF MINGW64 ~/documents/firstProject
$ echo "# firstProject" >> README.md

DECIPHER TECH@DESKTOP-G9T4UGF MINGW64 ~/documents/firstProject
$ ls
README.md

DECIPHER TECH@DESKTOP-G9T4UGF MINGW64 ~/documents/firstProject
$ git init
Initialized empty Git repository in C:/Users/DECIPHER TECH/Documents/firstProjec
t/.git/

DECIPHER TECH@DESKTOP-G9T4UGF MINGW64 ~/documents/firstProject (master)
$ git commit -m "first commit"
Author identity unknown

*** Please tell me who you are.

Run

  git config --global user.email "you@example.com"
  git config --global user.name "Your Name"

to set your account's default identity.
Omit --global to set the identity only in this repository.

fatal: unable to auto-detect email address (got 'DECIPHER TECH@DESKTOP-G9T4UGF.(
none)')

DECIPHER TECH@DESKTOP-G9T4UGF MINGW64 ~/documents/firstProject (master)
$ git config --global user.email "realbishopp@live.com"
git config --global user.name "realbishopp"

DECIPHER TECH@DESKTOP-G9T4UGF MINGW64 ~/documents/firstProject (master)
$ git commit -m "first commit"
On branch master

Initial commit

Untracked files:
  (use "git add <file>..." to include in what will be committed)
        README.md

nothing added to commit but untracked files present (use "git add" to track)

DECIPHER TECH@DESKTOP-G9T4UGF MINGW64 ~/documents/firstProject (master)
$ git add README.md
warning: in the working copy of 'README.md', LF will be replaced by CRLF the nex
t time Git touches it

DECIPHER TECH@DESKTOP-G9T4UGF MINGW64 ~/documents/firstProject (master)
$ git status
On branch master

No commits yet

Changes to be committed:
  (use "git rm --cached <file>..." to unstage)
        new file:   README.md


DECIPHER TECH@DESKTOP-G9T4UGF MINGW64 ~/documents/firstProject (master)
$ git commit -m "first commit"
[master (root-commit) 8a8f270] first commit
 1 file changed, 1 insertion(+)
 create mode 100644 README.md

DECIPHER TECH@DESKTOP-G9T4UGF MINGW64 ~/documents/firstProject (master)
$ git remote add origin https://github.com/realbishopp/firstProject.git

DECIPHER TECH@DESKTOP-G9T4UGF MINGW64 ~/documents/firstProject (master)
$ git push -u origin master
info: please complete authentication in your browser...
Enumerating objects: 3, done.
Counting objects: 100% (3/3), done.
Writing objects: 100% (3/3), 222 bytes | 222.00 KiB/s, done.
Total 3 (delta 0), reused 0 (delta 0), pack-reused 0
To https://github.com/realbishopp/firstProject.git
 * [new branch]      master -> master
branch 'master' set up to track 'origin/master'.

DECIPHER TECH@DESKTOP-G9T4UGF MINGW64 ~/documents/firstProject (master)
$ git status
On branch master
Your branch is up to date with 'origin/master'.

Changes not staged for commit:
  (use "git add <file>..." to update what will be committed)
  (use "git restore <file>..." to discard changes in working directory)
        modified:   README.md

Untracked files:
  (use "git add <file>..." to include in what will be committed)
        app.py

no changes added to commit (use "git add" and/or "git commit -a")

DECIPHER TECH@DESKTOP-G9T4UGF MINGW64 ~/documents/firstProject (master)
$ git add .
warning: in the working copy of 'README.md', LF will be replaced by CRLF the nex
t time Git touches it

DECIPHER TECH@DESKTOP-G9T4UGF MINGW64 ~/documents/firstProject (master)
$ git status
On branch master
Your branch is up to date with 'origin/master'.

Changes to be committed:
  (use "git restore --staged <file>..." to unstage)
        modified:   README.md
        new file:   app.py


DECIPHER TECH@DESKTOP-G9T4UGF MINGW64 ~/documents/firstProject (master)
$ git commit -m "I just added a python file"
[master a5e5776] I just added a python file
 2 files changed, 9 insertions(+)
 create mode 100644 app.py

DECIPHER TECH@DESKTOP-G9T4UGF MINGW64 ~/documents/firstProject (master)
$ git push origin master
Enumerating objects: 6, done.
Counting objects: 100% (6/6), done.
Delta compression using up to 2 threads
Compressing objects: 100% (3/3), done.
Writing objects: 100% (4/4), 377 bytes | 377.00 KiB/s, done.
Total 4 (delta 0), reused 0 (delta 0), pack-reused 0
To https://github.com/realbishopp/firstProject.git
   8a8f270..a5e5776  master -> master

DECIPHER TECH@DESKTOP-G9T4UGF MINGW64 ~/documents/firstProject (master)
$
